 git status
On branch master
Your branch is up to date with 'origin/master'.

Untracked files:
  (use "git add <file>..." to include in what will be committed)
        Bob.txt

nothing added to commit but untracked files present (use "git add" to track)

Win8@Dinis-PC MINGW64 /c/Desenvolvimento/workspace/treinamento-git (master)
$ git add bob.txt
$ git status
On branch master
Your branch is up to date with 'origin/master'.

Untracked files:
  (use "git add <file>..." to include in what will be committed)
        Bob.txt

nothing added to commit but untracked files present (use "git add" to track)

Win8@Dinis-PC MINGW64 /c/Desenvolvimento/workspace/treinamento-git (master)
$ git commit
On branch master
Your branch is up to date with 'origin/master'.

Untracked files:
  (use "git add <file>..." to include in what will be committed)
        Bob.txt

nothing added to commit but untracked files present (use "git add" to track)

Win8@Dinis-PC MINGW64 /c/Desenvolvimento/workspace/treinamento-git (master)
$ git commit -m "adicionar bob"
On branch master
Your branch is up to date with 'origin/master'.

Untracked files:
  (use "git add <file>..." to include in what will be committed)
        Bob.txt

nothing added to commit but untracked files present (use "git add" to track)

Win8@Dinis-PC MINGW64 /c/Desenvolvimento/workspace/treinamento-git (master)
$ git add
Nothing specified, nothing added.
hint: Maybe you wanted to say 'git add .'?
hint: Turn this message off by running
hint: "git config advice.addEmptyPathspec false"

Win8@Dinis-PC MINGW64 /c/Desenvolvimento/workspace/treinamento-git (master)
$ git add .

Win8@Dinis-PC MINGW64 /c/Desenvolvimento/workspace/treinamento-git (master)
$ git commit
Aborting commit due to empty commit message.

Win8@Dinis-PC MINGW64 /c/Desenvolvimento/workspace/treinamento-git (master)
$ git push
Everything up-to-date

Win8@Dinis-PC MINGW64 /c/Desenvolvimento/workspace/treinamento-git (master)
$ git add .

Win8@Dinis-PC MINGW64 /c/Desenvolvimento/workspace/treinamento-git (master)
$ git commit -m "enviando"
[master 9f1e2ca] enviando
 1 file changed, 1 insertion(+)
 create mode 100644 Bob.txt

Win8@Dinis-PC MINGW64 /c/Desenvolvimento/workspace/treinamento-git (master)
$ git push
Enumerating objects: 4, done.
Counting objects: 100% (4/4), done.
Delta compression using up to 4 threads
Compressing objects: 100% (2/2), done.
Writing objects: 100% (3/3), 312 bytes | 78.00 KiB/s, done.
Total 3 (delta 0), reused 0 (delta 0), pack-reused 0
To https://github.com/adinisfs1712/treinamento-git.git
   cd56ff3..9f1e2ca  master -> master

Win8@Dinis-PC MINGW64 /c/Desenvolvimento/workspace/treinamento-git (master)
$ git add bob.txt
$ git status
On branch master
Your branch is up to date with 'origin/master'.

Untracked files:
  (use "git add <file>..." to include in what will be committed)
        Bob.txt

nothing added to commit but untracked files present (use "git add" to track)


Win8@Dinis-PC MINGW64 /c/Desenvolvimento/workspace/treinamento-git (master)
$

Win8@Dinis-PC MINGW64 /c/Desenvolvimento/workspace/treinamento-git (master)
$ Win8@Dinis-PC MINGW64 /c/Desenvolvimento/workspace/treinamento-git (master)
bash: syntax error near unexpected token `('

Win8@Dinis-PC MINGW64 /c/Desenvolvimento/workspace/treinamento-git (master)
$ $ git status
bash: $: command not found

Win8@Dinis-PC MINGW64 /c/Desenvolvimento/workspace/treinamento-git (master)
$ On branch master
bash: On: command not found

Win8@Dinis-PC MINGW64 /c/Desenvolvimento/workspace/treinamento-git (master)
$ Your branch is up to date with 'origin/master'.
bash: Your: command not found


Win8@Dinis-PC MINGW64 /c/Desenvolvimento/workspace/treinamento-git (master)
$

Win8@Dinis-PC MINGW64 /c/Desenvolvimento/workspace/treinamento-git (master)
$ Untracked files:
bash: Untracked: command not found

Win8@Dinis-PC MINGW64 /c/Desenvolvimento/workspace/treinamento-git (master)
$   (use "git add <file>..." to include in what will be committed)
bash: use: command not found

Win8@Dinis-PC MINGW64 /c/Desenvolvimento/workspace/treinamento-git (master)
$         Bob.txt
bash: Bob.txt: command not found

Win8@Dinis-PC MINGW64 /c/Desenvolvimento/workspace/treinamento-git (master)
$

Win8@Dinis-PC MINGW64 /c/Desenvolvimento/workspace/treinamento-git (master)
$ nothing added to commit but untracked files present (use "git add" to track)
bash: syntax error near unexpected token `('

Win8@Dinis-PC MINGW64 /c/Desenvolvimento/workspace/treinamento-git (master)
$

Win8@Dinis-PC MINGW64 /c/Desenvolvimento/workspace/treinamento-git (master)
$
